// Vitest Snapshot v1, https://vitest.dev/guide/snapshot.html

exports[`ExplanationHistory snapshot > matches the snapshot 1`] = `
<DocumentFragment>
  <div
    aria-live="polite"
    class="MuiBox-root css-nfgtzt"
    role="status"
  >
    <span
      aria-label="Loading explanations"
      class="MuiCircularProgress-root MuiCircularProgress-indeterminate MuiCircularProgress-colorPrimary css-18lrjg1-MuiCircularProgress-root"
      role="progressbar"
      style="width: 40px; height: 40px;"
      title="Loading explanations"
    >
      <svg
        class="MuiCircularProgress-svg css-1idz92c-MuiCircularProgress-svg"
        viewBox="22 22 44 44"
      >
        <circle
          class="MuiCircularProgress-circle MuiCircularProgress-circleIndeterminate css-176wh8e-MuiCircularProgress-circle"
          cx="44"
          cy="44"
          fill="none"
          r="20.2"
          stroke-width="3.6"
        />
      </svg>
    </span>
    <div
      class="MuiBox-root css-3hetpk"
    >
      Loading explanations...
    </div>
  </div>
</DocumentFragment>
`;

exports[`ExplanationHistory snapshot matches the snapshot 1`] = `
<DocumentFragment>
  <div
    class="MuiBox-root css-19kzrtu"
  >
    <h6
      class="MuiTypography-root MuiTypography-h6 MuiTypography-gutterBottom css-18k87ye-MuiTypography-root"
    >
      AI Feature Importance History
    </h6>
    <div
      class="MuiPaper-root MuiPaper-elevation MuiPaper-rounded MuiPaper-elevation1 MuiTableContainer-root css-11xur9t-MuiPaper-root-MuiTableContainer-root"
    >
      <table
        aria-label="explanation history table"
        class="MuiTable-root css-rqglhn-MuiTable-root"
      >
        <thead
          class="MuiTableHead-root css-15wwp11-MuiTableHead-root"
        >
          <tr
            class="MuiTableRow-root MuiTableRow-head css-1q1u3t4-MuiTableRow-root"
          >
            <th
              class="MuiTableCell-root MuiTableCell-head MuiTableCell-sizeSmall css-1howxi1-MuiTableCell-root"
              scope="col"
            >
              Feature
            </th>
            <th
              class="MuiTableCell-root MuiTableCell-head MuiTableCell-alignRight MuiTableCell-sizeSmall css-6qfsqn-MuiTableCell-root"
              scope="col"
            >
              Value
            </th>
            <th
              class="MuiTableCell-root MuiTableCell-head MuiTableCell-alignRight MuiTableCell-sizeSmall css-6qfsqn-MuiTableCell-root"
              scope="col"
            >
              Importance
            </th>
          </tr>
        </thead>
        <tbody
          class="MuiTableBody-root css-apqrd9-MuiTableBody-root"
        >
          <tr
            class="MuiTableRow-root css-1q1u3t4-MuiTableRow-root"
          >
            <td
              class="MuiTableCell-root MuiTableCell-body MuiTableCell-alignCenter MuiTableCell-sizeSmall css-vtdehq-MuiTableCell-root"
              colspan="3"
            >
              No explanation history available
            </td>
          </tr>
        </tbody>
      </table>
    </div>
    <div
      class="MuiTablePagination-root css-18khl2d-MuiTablePagination-root"
    >
      <div
        class="MuiToolbar-root MuiToolbar-gutters MuiToolbar-regular MuiTablePagination-toolbar css-78c6dr-MuiToolbar-root-MuiTablePagination-toolbar"
      >
        <div
          class="MuiTablePagination-spacer css-1psng7p-MuiTablePagination-spacer"
        />
        <p
          class="MuiTablePagination-selectLabel css-pdct74-MuiTablePagination-selectLabel"
          id=":r1:"
        >
          Rows per page:
        </p>
        <div
          class="MuiInputBase-root MuiInputBase-colorPrimary MuiTablePagination-input css-16c50h-MuiInputBase-root-MuiTablePagination-select"
        >
          <select
            aria-label="rows per page"
            class="MuiNativeSelect-select MuiTablePagination-select MuiNativeSelect-standard MuiInputBase-input css-m3l1ig-MuiNativeSelect-select-MuiInputBase-input"
            id=":r0:"
          >
            <option
              class="MuiTablePagination-menuItem"
              value="5"
            >
              5
            </option>
            <option
              class="MuiTablePagination-menuItem"
              value="10"
            >
              10
            </option>
            <option
              class="MuiTablePagination-menuItem"
              value="25"
            >
              25
            </option>
          </select>
          <svg
            aria-hidden="true"
            class="MuiSvgIcon-root MuiSvgIcon-fontSizeMedium MuiNativeSelect-icon MuiTablePagination-selectIcon MuiNativeSelect-iconStandard css-10bey84-MuiSvgIcon-root-MuiNativeSelect-icon"
            data-testid="ArrowDropDownIcon"
            focusable="false"
            viewBox="0 0 24 24"
          >
            <path
              d="M7 10l5 5 5-5z"
            />
          </svg>
        </div>
        <p
          class="MuiTablePagination-displayedRows css-levciy-MuiTablePagination-displayedRows"
        >
          0â€“0 of 0
        </p>
        <div
          class="MuiTablePagination-actions"
        >
          <button
            aria-label="Go to previous page"
            class="MuiButtonBase-root Mui-disabled MuiIconButton-root Mui-disabled MuiIconButton-colorInherit MuiIconButton-sizeMedium css-zylse7-MuiButtonBase-root-MuiIconButton-root"
            disabled=""
            tabindex="-1"
            title="Go to previous page"
            type="button"
          >
            <svg
              aria-hidden="true"
              class="MuiSvgIcon-root MuiSvgIcon-fontSizeMedium css-i4bv87-MuiSvgIcon-root"
              data-testid="KeyboardArrowLeftIcon"
              focusable="false"
              viewBox="0 0 24 24"
            >
              <path
                d="M15.41 16.09l-4.58-4.59 4.58-4.59L14 5.5l-6 6 6 6z"
              />
            </svg>
          </button>
          <button
            aria-label="Go to next page"
            class="MuiButtonBase-root Mui-disabled MuiIconButton-root Mui-disabled MuiIconButton-colorInherit MuiIconButton-sizeMedium css-zylse7-MuiButtonBase-root-MuiIconButton-root"
            disabled=""
            tabindex="-1"
            title="Go to next page"
            type="button"
          >
            <svg
              aria-hidden="true"
              class="MuiSvgIcon-root MuiSvgIcon-fontSizeMedium css-i4bv87-MuiSvgIcon-root"
              data-testid="KeyboardArrowRightIcon"
              focusable="false"
              viewBox="0 0 24 24"
            >
              <path
                d="M8.59 16.34l4.58-4.59-4.58-4.59L10 5.75l6 6-6 6z"
              />
            </svg>
          </button>
        </div>
      </div>
    </div>
  </div>
</DocumentFragment>
`;
