// Vitest Snapshot v1, https://vitest.dev/guide/snapshot.html

exports[`ExplanationHistory - Integration Tests > matches snapshot 1`] = `
<div>
  <div
    data-testid="chakra-provider"
  >
    <div
      class="MuiPaper-root MuiPaper-elevation MuiPaper-rounded MuiPaper-elevation3 css-15htl6s-MuiPaper-root"
    >
      <h5
        class="MuiTypography-root MuiTypography-h5 MuiTypography-gutterBottom css-h93ljk-MuiTypography-root"
      >
        Explanation History
      </h5>
      <div
        class="MuiTableContainer-root css-rorn0c-MuiTableContainer-root"
      >
        <table
          aria-label="explanation history table"
          class="MuiTable-root MuiTable-stickyHeader css-xn82ks-MuiTable-root"
        >
          <thead
            class="MuiTableHead-root css-15wwp11-MuiTableHead-root"
          >
            <tr
              class="MuiTableRow-root MuiTableRow-head css-1q1u3t4-MuiTableRow-root"
            >
              <th
                class="MuiTableCell-root MuiTableCell-head MuiTableCell-stickyHeader MuiTableCell-alignLeft MuiTableCell-sizeMedium css-y8ay40-MuiTableCell-root"
                scope="col"
              >
                <span
                  class="MuiButtonBase-root MuiTableSortLabel-root css-1qgma8u-MuiButtonBase-root-MuiTableSortLabel-root"
                  role="button"
                  tabindex="0"
                >
                  ID
                  <svg
                    aria-hidden="true"
                    class="MuiSvgIcon-root MuiSvgIcon-fontSizeMedium MuiTableSortLabel-icon MuiTableSortLabel-iconDirectionAsc css-1vweko9-MuiSvgIcon-root-MuiTableSortLabel-icon"
                    data-testid="ArrowDownwardIcon"
                    focusable="false"
                    viewBox="0 0 24 24"
                  >
                    <path
                      d="M20 12l-1.41-1.41L13 16.17V4h-2v12.17l-5.58-5.59L4 12l8 8 8-8z"
                    />
                  </svg>
                </span>
              </th>
              <th
                class="MuiTableCell-root MuiTableCell-head MuiTableCell-stickyHeader MuiTableCell-alignLeft MuiTableCell-sizeMedium css-y8ay40-MuiTableCell-root"
                scope="col"
              >
                <span
                  class="MuiButtonBase-root MuiTableSortLabel-root css-1qgma8u-MuiButtonBase-root-MuiTableSortLabel-root"
                  role="button"
                  tabindex="0"
                >
                  Model Type
                  <svg
                    aria-hidden="true"
                    class="MuiSvgIcon-root MuiSvgIcon-fontSizeMedium MuiTableSortLabel-icon MuiTableSortLabel-iconDirectionAsc css-1vweko9-MuiSvgIcon-root-MuiTableSortLabel-icon"
                    data-testid="ArrowDownwardIcon"
                    focusable="false"
                    viewBox="0 0 24 24"
                  >
                    <path
                      d="M20 12l-1.41-1.41L13 16.17V4h-2v12.17l-5.58-5.59L4 12l8 8 8-8z"
                    />
                  </svg>
                </span>
              </th>
              <th
                aria-sort="descending"
                class="MuiTableCell-root MuiTableCell-head MuiTableCell-stickyHeader MuiTableCell-alignLeft MuiTableCell-sizeMedium css-y8ay40-MuiTableCell-root"
                scope="col"
              >
                <span
                  class="MuiButtonBase-root MuiTableSortLabel-root Mui-active css-1qgma8u-MuiButtonBase-root-MuiTableSortLabel-root"
                  role="button"
                  tabindex="0"
                >
                  Timestamp
                  <span
                    class="MuiBox-root css-3hetpk"
                  >
                    sorted descending
                  </span>
                  <svg
                    aria-hidden="true"
                    class="MuiSvgIcon-root MuiSvgIcon-fontSizeMedium MuiTableSortLabel-icon MuiTableSortLabel-iconDirectionDesc css-3l415a-MuiSvgIcon-root-MuiTableSortLabel-icon"
                    data-testid="ArrowDownwardIcon"
                    focusable="false"
                    viewBox="0 0 24 24"
                  >
                    <path
                      d="M20 12l-1.41-1.41L13 16.17V4h-2v12.17l-5.58-5.59L4 12l8 8 8-8z"
                    />
                  </svg>
                </span>
              </th>
              <th
                class="MuiTableCell-root MuiTableCell-head MuiTableCell-stickyHeader MuiTableCell-alignLeft MuiTableCell-sizeMedium css-y8ay40-MuiTableCell-root"
                scope="col"
              >
                <span
                  class="MuiButtonBase-root MuiTableSortLabel-root css-1qgma8u-MuiButtonBase-root-MuiTableSortLabel-root"
                  role="button"
                  tabindex="0"
                >
                  Summary
                  <svg
                    aria-hidden="true"
                    class="MuiSvgIcon-root MuiSvgIcon-fontSizeMedium MuiTableSortLabel-icon MuiTableSortLabel-iconDirectionAsc css-1vweko9-MuiSvgIcon-root-MuiTableSortLabel-icon"
                    data-testid="ArrowDownwardIcon"
                    focusable="false"
                    viewBox="0 0 24 24"
                  >
                    <path
                      d="M20 12l-1.41-1.41L13 16.17V4h-2v12.17l-5.58-5.59L4 12l8 8 8-8z"
                    />
                  </svg>
                </span>
              </th>
            </tr>
          </thead>
          <tbody
            class="MuiTableBody-root css-apqrd9-MuiTableBody-root"
          >
            <tr
              class="MuiTableRow-root MuiTableRow-hover css-1q1u3t4-MuiTableRow-root"
            >
              <td
                class="MuiTableCell-root MuiTableCell-body MuiTableCell-sizeMedium css-1ex1afd-MuiTableCell-root"
              >
                1
              </td>
              <td
                class="MuiTableCell-root MuiTableCell-body MuiTableCell-sizeMedium css-1ex1afd-MuiTableCell-root"
              >
                Risk Assessment
              </td>
              <td
                class="MuiTableCell-root MuiTableCell-body MuiTableCell-sizeMedium css-1ex1afd-MuiTableCell-root"
              >
                15/6/2023, 4:00:00 pm
              </td>
              <td
                class="MuiTableCell-root MuiTableCell-body MuiTableCell-sizeMedium css-1ex1afd-MuiTableCell-root"
              >
                Low risk profile detected
              </td>
            </tr>
            <tr
              class="MuiTableRow-root MuiTableRow-hover css-1q1u3t4-MuiTableRow-root"
            >
              <td
                class="MuiTableCell-root MuiTableCell-body MuiTableCell-sizeMedium css-1ex1afd-MuiTableCell-root"
              >
                2
              </td>
              <td
                class="MuiTableCell-root MuiTableCell-body MuiTableCell-sizeMedium css-1ex1afd-MuiTableCell-root"
              >
                Fraud Detection
              </td>
              <td
                class="MuiTableCell-root MuiTableCell-body MuiTableCell-sizeMedium css-1ex1afd-MuiTableCell-root"
              >
                15/6/2023, 5:15:00 pm
              </td>
              <td
                class="MuiTableCell-root MuiTableCell-body MuiTableCell-sizeMedium css-1ex1afd-MuiTableCell-root"
              >
                Potential fraud pattern identified
              </td>
            </tr>
          </tbody>
        </table>
      </div>
      <div
        class="MuiTablePagination-root css-jtlhu6-MuiTablePagination-root"
      >
        <div
          class="MuiToolbar-root MuiToolbar-gutters MuiToolbar-regular MuiTablePagination-toolbar css-78c6dr-MuiToolbar-root-MuiTablePagination-toolbar"
        >
          <div
            class="MuiTablePagination-spacer css-1psng7p-MuiTablePagination-spacer"
          />
          <p
            class="MuiTablePagination-selectLabel css-pdct74-MuiTablePagination-selectLabel"
            id=":ra:"
          >
            Rows per page:
          </p>
          <div
            class="MuiInputBase-root MuiInputBase-colorPrimary MuiTablePagination-input css-16c50h-MuiInputBase-root-MuiTablePagination-select"
          >
            <div
              aria-controls=":rb:"
              aria-expanded="false"
              aria-haspopup="listbox"
              aria-labelledby=":ra: :r9:"
              class="MuiSelect-select MuiTablePagination-select MuiSelect-standard MuiInputBase-input css-194a1fa-MuiSelect-select-MuiInputBase-input"
              id=":r9:"
              role="combobox"
              tabindex="0"
            >
              10
            </div>
            <input
              aria-hidden="true"
              aria-invalid="false"
              class="MuiSelect-nativeInput css-yf8vq0-MuiSelect-nativeInput"
              tabindex="-1"
              value="10"
            />
            <svg
              aria-hidden="true"
              class="MuiSvgIcon-root MuiSvgIcon-fontSizeMedium MuiSelect-icon MuiTablePagination-selectIcon MuiSelect-iconStandard css-pqjvzy-MuiSvgIcon-root-MuiSelect-icon"
              data-testid="ArrowDropDownIcon"
              focusable="false"
              viewBox="0 0 24 24"
            >
              <path
                d="M7 10l5 5 5-5z"
              />
            </svg>
          </div>
          <p
            class="MuiTablePagination-displayedRows css-levciy-MuiTablePagination-displayedRows"
          >
            1â€“2 of 2
          </p>
          <div
            class="MuiTablePagination-actions"
          >
            <button
              aria-label="Go to previous page"
              class="MuiButtonBase-root Mui-disabled MuiIconButton-root Mui-disabled MuiIconButton-colorInherit MuiIconButton-sizeMedium css-zylse7-MuiButtonBase-root-MuiIconButton-root"
              disabled=""
              tabindex="-1"
              title="Go to previous page"
              type="button"
            >
              <svg
                aria-hidden="true"
                class="MuiSvgIcon-root MuiSvgIcon-fontSizeMedium css-i4bv87-MuiSvgIcon-root"
                data-testid="KeyboardArrowLeftIcon"
                focusable="false"
                viewBox="0 0 24 24"
              >
                <path
                  d="M15.41 16.09l-4.58-4.59 4.58-4.59L14 5.5l-6 6 6 6z"
                />
              </svg>
            </button>
            <button
              aria-label="Go to next page"
              class="MuiButtonBase-root Mui-disabled MuiIconButton-root Mui-disabled MuiIconButton-colorInherit MuiIconButton-sizeMedium css-zylse7-MuiButtonBase-root-MuiIconButton-root"
              disabled=""
              tabindex="-1"
              title="Go to next page"
              type="button"
            >
              <svg
                aria-hidden="true"
                class="MuiSvgIcon-root MuiSvgIcon-fontSizeMedium css-i4bv87-MuiSvgIcon-root"
                data-testid="KeyboardArrowRightIcon"
                focusable="false"
                viewBox="0 0 24 24"
              >
                <path
                  d="M8.59 16.34l4.58-4.59-4.58-4.59L10 5.75l6 6-6 6z"
                />
              </svg>
            </button>
          </div>
        </div>
      </div>
    </div>
  </div>
</div>
`;
